
	( John,
	 Mary,
	 Paul )


	( John,  ]
	[ Mary,  ]
	[ Paul; )


	( John,
	 Mary )
	( Paul )


	( John )
	( Mary )
	( Paul )


	<span>(</span> John<span>, </span>  Mary<span>, </span>  Paul <span>)</span>


<p class="$person"></p>
<p class=""></p>
<p class=""></p>
