<!DOCTYPE html PUBLIC "-//W3C//DTD XHTML 1.0 Transitional//EN" "http://www.w3.org/TR/xhtml1/DTD/xhtml1-transitional.dtd">

<input/> <input /> <input>

<input checked> <input checked="checked">

<button></button>

{ test} {"test} {'test}

1


	<ul>
	<li id="item-1" class="odd">John</li>


	<li id="item-2" class="even">Mary</li>


	<li id="item-3" class="odd">Paul</li>


	<li id="item-4" class="even">]]&gt; &lt;!--</li>
	</ul>


<ul>
	<li>0 about</li>
	<li>1  <ul>
	<li>2 product1</li>
	<li>3 product2</li>
</ul>
 </li>
	<li>2 contact</li>
</ul>
