


a) 	This is definition #20



b) 	Variables 1, , world



g) 	Variables hello, , world


h) 	Variables , , world


i) 	Variables , , world
