
a) 	Variables 1, , world



b) 	Variables hello, , world


c) 	Variables , , world


d) 	Variables , , world
