
	<p>Included file #1</p>

	<p>Included file #2 (20, &lt;i&gt;Hello&lt;/i&gt;)</p>

	Parent: include1.latte/include

	<p>Included file #3 (10, &lt;i&gt;Hello&lt;/i&gt;)</p>

	<textarea>
pre
</textarea>

	Parent: BlockMacros.include.latte/include
