<span title="&#039; &amp; &quot;"></span>

<span title="&#039; &amp; &quot;" "&#039; &amp; &quot;"></span>

<span title="&#039; &amp; &quot;"></span>
