<!DOCTYPE html PUBLIC "-//W3C//DTD XHTML 1.0 Transitional//EN" "http://www.w3.org/TR/xhtml1/DTD/xhtml1-transitional.dtd">

<ul>
	<li>Escaped: &lt;i&gt;Hello&lt;/i&gt;</li>
	<li>Non-escaped: <i>Hello</i></li>
	<li>Escaped expression: &lt;b&gt;hello&lt;/b&gt;</li>
	<li>Non-escaped expression: <b>hello</b></li>
	<li>Array access: Mary</li>
	<li>Html: <div title='1/2"'></div></li>
	<li>Translated: yraM</li>
	<li>Translated string: joha</li>
	<li>Non-escaped and translated: yraM</li>
	<li>Condition: yes yes</li>
	<li>Array: abc abc</li>
</ul>

<input> <input> <input>

<input checked> <input checked="checked">

{ test} {"test} {'test}

<p val = "a"> </p>

<p val0 val1 = tmp val2=tmp val3="x"></p> </p>

<p val = "some&amp;&lt;&gt;&quot;&#039;/chars" val2="`mxss "> </p>

<p onclick = "some&amp;&lt;&gt;&quot;&#039;/chars"> </p>

<p ONCLICK ="&quot;some&amp;&lt;&gt;\&quot;&#039;\/chars&quot;" "some&amp;&lt;&gt;&quot;&#039;/chars"> </p>

<p val = />some&amp;&lt;&gt;"'/chars</p>

1

	&lt;i&gt;Hello&lt;/i&gt;


	<ul>
	<li id="item-1" class="odd">John</li>


	<li id="item-2" class="even">Mary</li>


	<li id="item-3" class="odd">Paul</li>


	<li id="item-4" class="even">]]&gt; &lt;!--</li>
	</ul>



<STYLE type="text/css">
<!--
#some\&\<\>\"\'\/chars {
	background: blue;
}
-->
</style>



<script>
<!--
alert('</div>');

var prop = ["John","Mary","Paul","]]\x3E \x3C!--"];

document.getElementById("some&<>\"'\/chars").style.backgroundColor = 'red';

var html = "<div title='1\/2\"'><\/div>";
-->
</script>


<SCRIPT>
/* <![CDATA[ */

var prop2 = ["John","Mary","Paul","]]\x3E \x3C!--"];

/* ]]> */
</script>


<p onclick =
'alert(&quot;some&amp;&lt;&gt;\&quot;&#039;\/chars&quot;);alert("hello");'
 title='some&amp;&lt;&gt;&quot;&#039;/chars'
 STYLE =
 "color:some\&amp;\&lt;\&gt;\&quot;\&#039;\/chars;"
 rel="some&amp;&lt;&gt;&quot;&#039;/chars"
 onblur="alert(&quot;some&amp;&lt;&gt;\&quot;&#039;\/chars&quot;)"
 alt='&lt;div title=&#039;1/2&quot;&#039;&gt;&lt;/div&gt;'
 onfocus="alert(&quot;&lt;div title=&#039;1\/2\&quot;&#039;&gt;&lt;\/div&gt;&quot;)"
>click on me some&amp;&lt;&gt;"'/chars</p>



<ul>
	<li>0 about</li>
	<li>1  <ul>
	<li>2 product1</li>
	<li>3 product2</li>
</ul>
 </li>
	<li>2 contact</li>
</ul>


2
2

8
9




</ul>


test

{ }

true

true


y

<br>



<button></button>

<button></button> xx
