<!DOCTYPE html>
<head>
	<title>Homepage </title>
</head>

<body>
	<div id="sidebar">
	</div>

	<div id="content">
	<h1>Homepage </h1>

	<ul>
		<li>John</li>
		<li>Mary</li>
		<li>Paul</li>
	</ul>
	</div>
</body>
</html>
Parent: main/extends
