<!DOCTYPE html>
<head>
	<title>Homepage | My websiteMy website</title>
</head>

<body>
	<div id="sidebar">
		<ul>
			<li><a href="/">Homepage</a></li>
		</ul>
	</div>

	<div id="content">
	<ul>
		<li>John</li>
		<li>Mary</li>
		<li>Paul</li>
	</ul>
	Parent: NULL
	</div>
</body>
</html>
Parent: main/extends
