<!DOCTYPE html>
<head>
	<title>My website</title>
</head>

<body>
	<div id="sidebar">
		<ul>
			<li><a href="/">Homepage</a></li>
		</ul>
	</div>

	<div id="content">
	Content
	</div>
</body>
</html>
Parent: main/extends
