<form action="" method="get"><input type="hidden" name="arg" value="val"></form>


<form action="" method="get">
<input type="hidden" name="arg" value="val"></form>