
<foo>...</foo>

<ns:foo>...</ns:foo>

<h1>...</h1>
