<span title="&apos; &amp; &quot;" class="&apos; &amp; &quot;"></span>

<span title="&apos; &amp; &quot;" "&apos; &amp; &quot;"></span>

<span title="&apos; &amp; &quot;"></span>

<span title="&apos; &amp; &quot;"></span>

<span attr"&apos; &amp; &quot;"b=c"&apos; &amp; &quot;"d></span>
