<ul>
	<li>HELLO WORLD (1 TIMES)</li>
	<li>HELLO WORLD (2 TIMES)</li>
	<li>hello world (3 times)</li>
</ul>

<ul>
	<li>integer, integer, double, string</li>
	<li>integer, integer, string</li>
	<li>string, boolean, NULL, boolean</li>
	<li>string, boolean, NULL, boolean</li>
	<li>string, string, string, string</li>
</ul>



<a href="#" > test</a> A   A <script>
// comment
alert();
</script>


<p>
Nested blocks:  Outer    INNER…
</p>

Breaklines: hello<br>
bar
